// Jest Snapshot v1, https://goo.gl/fbAQLP

exports[`Card component renders correctly 1`] = `
<div
  className="card"
>
  <div
    className="loader"
  >
    <div
      className="MuiCircularProgress-root MuiCircularProgress-indeterminate"
      role="progressbar"
      style={
        Object {
          "height": 40,
          "width": 40,
        }
      }
    >
      <svg
        className="MuiCircularProgress-svg"
        viewBox="22 22 44 44"
      >
        <circle
          className="MuiCircularProgress-circle MuiCircularProgress-circleIndeterminate"
          cx={44}
          cy={44}
          fill="none"
          r={20.2}
          strokeWidth={3.6}
          style={Object {}}
        />
      </svg>
    </div>
    <p>
      Loading...
    </p>
  </div>
  <div
    className="card-name"
  >
    Raise Dead
  </div>
  <div
    className="card-text"
  >
    Summon a random creature from each discard pile.
  </div>
  <div
    className="other-fields"
  >
    <span>
      <b>
        Set:
      </b>
       
      Core Set
       
    </span>
    <span>
      <b>
        Type:
      </b>
       
      Action
    </span>
  </div>
  <div
    className="select-card"
  >
    <label
      className="MuiFormControlLabel-root MuiFormControlLabel-labelPlacementStart"
    >
      <span
        className="MuiSwitch-root Component-root-1 MuiSwitch-sizeSmall"
      >
        <span
          aria-disabled={false}
          className="MuiButtonBase-root MuiIconButton-root PrivateSwitchBase-root-7 MuiSwitch-switchBase Component-switchBase-2 MuiSwitch-colorSecondary"
          onBlur={[Function]}
          onDragLeave={[Function]}
          onFocus={[Function]}
          onKeyDown={[Function]}
          onKeyUp={[Function]}
          onMouseDown={[Function]}
          onMouseLeave={[Function]}
          onMouseUp={[Function]}
          onTouchEnd={[Function]}
          onTouchMove={[Function]}
          onTouchStart={[Function]}
          tabIndex={null}
        >
          <span
            className="MuiIconButton-label"
          >
            <input
              className="PrivateSwitchBase-input-10 MuiSwitch-input"
              name="ce7be2e72d6b06a52e50bed01952801ca4ecfade"
              onChange={[Function]}
              type="checkbox"
              value=""
            />
            <span
              className="MuiSwitch-thumb Component-thumb-3"
            />
          </span>
        </span>
        <span
          className="MuiSwitch-track Component-track-4"
        />
      </span>
      <span
        className="MuiTypography-root MuiFormControlLabel-label MuiTypography-body1"
      >
        Select card:
      </span>
    </label>
  </div>
</div>
`;

exports[`Card component renders correctly 2`] = `
Object {
  "attributes": Array [
    "Endurance",
  ],
  "collectible": false,
  "cost": 2,
  "id": "ce7be2e72d6b06a52e50bed01952801ca4ecfade",
  "imageUrl": "https://images.elderscrollslegends.io/cs/raise_dead.png",
  "name": "Raise Dead",
  "rarity": "Legendary",
  "set": Object {
    "_self": "https://api.elderscrollslegends.io/v1/sets/cs",
    "id": "cs",
    "name": "Core Set",
  },
  "text": "Summon a random creature from each discard pile.",
  "type": "Action",
  "unique": false,
}
`;
